


ARM Macro Assembler    Page 1 


    1 00000000                 AREA             |.text|, CODE, READONLY, ALIGN=
2
    2 00000000                 THUMB
    3 00000000         
    4 00000000         ;;;;;;;;;;;;;;;;;;;;;;;;;;;;;;;;;;;;;;;;;;;;;;;;;;;;;;;;
                       ;;;;;;;;;;;;;;;;;;;;;;;;;;;;;;;
    5 00000000         ; void _bzero( void *s, int n )
    6 00000000         ; Parameters
    7 00000000         ; s   - pointer to the memory location to zero-initializ
                       e
    8 00000000         ; n  - a number of bytes to zero-initialize
    9 00000000         ; Return value
   10 00000000         ;   none
   11 00000000                 EXPORT           _bzero
   12 00000000         _bzero
   13 00000000         ; implement your complete logic, including stack operati
                       ons
   14 00000000 46F7            MOV              pc, lr
   15 00000002         
   16 00000002         ;;;;;;;;;;;;;;;;;;;;;;;;;;;;;;;;;;;;;;;;;;;;;;;;;;;;;;;;
                       ;;;;;;;;;;;;;;;;;;;;;;;;;;;;;;;
   17 00000002         ; char* _strncpy( char* dest, char* src, int size )
   18 00000002         ; Parameters
   19 00000002         ;    dest  - pointer to the buffer to copy to
   20 00000002         ; src - pointer to the zero-terminated string to copy fr
                       om
   21 00000002         ; size - a total of n bytes
   22 00000002         ; Return value
   23 00000002         ;   dest
   24 00000002                 EXPORT           _strncpy
   25 00000002         _strncpy
   26 00000002         ; implement your complete logic, including stack operati
                       ons
   27 00000002 46F7            MOV              pc, lr
   28 00000004         
   29 00000004         ;;;;;;;;;;;;;;;;;;;;;;;;;;;;;;;;;;;;;;;;;;;;;;;;;;;;;;;;
                       ;;;;;;;;;;;;;;;;;;;;;;;;;;;;;;;
   30 00000004         ; void* _malloc( int size )
   31 00000004         ; Parameters
   32 00000004         ; size - #bytes to allocate
   33 00000004         ; Return value
   34 00000004         ;    void* a pointer to the allocated space
   35 00000004                 EXPORT           _malloc
   36 00000004         _malloc
   37 00000004         ; save registers
   38 00000004 B580            PUSH             {R7, LR}
   39 00000006         ; set the system call # to R7
   40 00000006 F04F 0703       MOV              R7, #0x3
   41 0000000A DF00            SVC              #0x0
   42 0000000C         ; resume registers 
   43 0000000C E8BD 4080       POP              {R7, LR}
   44 00000010 46F7            MOV              pc, lr
   45 00000012         
   46 00000012         ;;;;;;;;;;;;;;;;;;;;;;;;;;;;;;;;;;;;;;;;;;;;;;;;;;;;;;;;
                       ;;;;;;;;;;;;;;;;;;;;;;;;;;;;;;;
   47 00000012         ; void _free( void* addr )
   48 00000012         ; Parameters
   49 00000012         ; size - the address of a space to deallocate
   50 00000012         ; Return value



ARM Macro Assembler    Page 2 


   51 00000012         ;    none
   52 00000012                 EXPORT           _free
   53 00000012         _free
   54 00000012         ; save registers
   55 00000012 B580            PUSH             {R7, LR}
   56 00000014         ; set the system call # to R7
   57 00000014 F04F 0704       MOV              R7, #0x4
   58 00000018 DF00            SVC              #0x0
   59 0000001A         ; resume registers 
   60 0000001A E8BD 4080       POP              {R7, LR}
   61 0000001E 46F7            MOV              pc, lr
   62 00000020         
   63 00000020         ;;;;;;;;;;;;;;;;;;;;;;;;;;;;;;;;;;;;;;;;;;;;;;;;;;;;;;;;
                       ;;;;;;;;;;;;;;;;;;;;;;;;;;;;;;;
   64 00000020         ; unsigned int _alarm( unsigned int seconds )
   65 00000020         ; Parameters
   66 00000020         ;   seconds - seconds when a SIGALRM signal should be de
                       livered to the calling program 
   67 00000020         ; Return value
   68 00000020         ;   unsigned int - the number of seconds remaining until
                        any previously scheduled alarm
   69 00000020         ;                  was due to be delivered, or zero if t
                       here was no previously schedul-
   70 00000020         ;                  ed alarm. 
   71 00000020                 EXPORT           _alarm
   72 00000020         _alarm
   73 00000020         ; save registers
   74 00000020 B580            PUSH             {R7, LR}
   75 00000022         ; set the system call # to R7
   76 00000022 F04F 0701       MOV              R7, #0x1
   77 00000026 DF00            SVC              #0x0
   78 00000028         ; resume registers 
   79 00000028 E8BD 4080       POP              {R7, LR}
   80 0000002C 46F7            MOV              pc, lr
   81 0000002E         
   82 0000002E         ;;;;;;;;;;;;;;;;;;;;;;;;;;;;;;;;;;;;;;;;;;;;;;;;;;;;;;;;
                       ;;;;;;;;;;;;;;;;;;;;;;;;;;;;;;;
   83 0000002E         ; void* _signal( int signum, void *handler )
   84 0000002E         ; Parameters
   85 0000002E         ;   signum - a signal number (assumed to be 14 = SIGALRM
                       )
   86 0000002E         ;   handler - a pointer to a user-level signal handling 
                       function
   87 0000002E         ; Return value
   88 0000002E         ;   void*   - a pointer to the user-level signal handlin
                       g function previously handled
   89 0000002E         ;             (the same as the 2nd parameter in this pro
                       ject)
   90 0000002E                 EXPORT           _signal
   91 0000002E         _signal
   92 0000002E         ; save registers
   93 0000002E B580            PUSH             {R7, LR}
   94 00000030         ; set the system call # to R7
   95 00000030 F04F 0702       MOV              R7, #0x2
   96 00000034 DF00            SVC              #0x0
   97 00000036         ; resume registers
   98 00000036 E8BD 4080       POP              {R7, LR}
   99 0000003A 46F7            MOV              pc, lr
  100 0000003C         



ARM Macro Assembler    Page 3 


  101 0000003C         ;;;;;;;;;;;;;;;;;;;;;;;;;;;;;;;;;;;;;;;;;;;;;;;;;;;;;;;;
                       ;;;;;;;;;;;;;;;;;;;;;;;;;;;;;;;
  102 0000003C                 END
Command Line: --debug --xref --diag_suppress=9931 --cpu=Cortex-M4.fp.sp --apcs=
interwork --depend=.\objects\stdlib.d -o.\objects\stdlib.o -I.\RTE\_Target_1 -I
C:\Users\llgoj\AppData\Local\Arm\Packs\ARM\CMSIS\5.9.0\CMSIS\Core\Include -IC:\
Users\llgoj\AppData\Local\Arm\Packs\Keil\TM4C_DFP\1.1.0\Device\Include\TM4C129 
--predefine="__EVAL SETA 1" --predefine="__UVISION_VERSION SETA 543" --predefin
e="TM4C129XNCZAD SETA 1" --predefine="_RTE_ SETA 1" --list=.\listings\stdlib.ls
t stdlib.s



ARM Macro Assembler    Page 1 Alphabetic symbol ordering
Relocatable symbols

.text 00000000

Symbol: .text
   Definitions
      At line 1 in file stdlib.s
   Uses
      None
Comment: .text unused
_alarm 00000020

Symbol: _alarm
   Definitions
      At line 72 in file stdlib.s
   Uses
      At line 71 in file stdlib.s
Comment: _alarm used once
_bzero 00000000

Symbol: _bzero
   Definitions
      At line 12 in file stdlib.s
   Uses
      At line 11 in file stdlib.s
Comment: _bzero used once
_free 00000012

Symbol: _free
   Definitions
      At line 53 in file stdlib.s
   Uses
      At line 52 in file stdlib.s
Comment: _free used once
_malloc 00000004

Symbol: _malloc
   Definitions
      At line 36 in file stdlib.s
   Uses
      At line 35 in file stdlib.s
Comment: _malloc used once
_signal 0000002E

Symbol: _signal
   Definitions
      At line 91 in file stdlib.s
   Uses
      At line 90 in file stdlib.s
Comment: _signal used once
_strncpy 00000002

Symbol: _strncpy
   Definitions
      At line 25 in file stdlib.s
   Uses
      At line 24 in file stdlib.s
Comment: _strncpy used once
7 symbols
342 symbols in table
