


ARM Macro Assembler    Page 1 


    1 00000000                 AREA             |.text|, CODE, READONLY, ALIGN=
2
    2 00000000                 THUMB
    3 00000000         
    4 00000000         ;;;;;;;;;;;;;;;;;;;;;;;;;;;;;;;;;;;;;;;;;;;;;;;;;;;;;;;;
                       ;;;;;;;;;;;;;;;;;;;;;;;;;;;;;;;
    5 00000000         ; System Call Table
    6 00000000 20007B00 
                       SYSTEMCALLTBL
                               EQU              0x20007B00  ; originally 0x2000
                                                            7500
    7 00000000 00000000 
                       SYS_EXIT
                               EQU              0x0         ; address 20007B00
    8 00000000 00000001 
                       SYS_ALARM
                               EQU              0x1         ; address 20007B04
    9 00000000 00000002 
                       SYS_SIGNAL
                               EQU              0x2         ; address 20007B08
   10 00000000 00000003 
                       SYS_MEMCPY
                               EQU              0x3         ; address 20007B0C
   11 00000000 00000004 
                       SYS_MALLOC
                               EQU              0x4         ; address 20007B10
   12 00000000 00000005 
                       SYS_FREE
                               EQU              0x5         ; address 20007B14
   13 00000000         
   14 00000000         ;;;;;;;;;;;;;;;;;;;;;;;;;;;;;;;;;;;;;;;;;;;;;;;;;;;;;;;;
                       ;;;;;;;;;;;;;;;;;;;;;;;;;;;;;;;
   15 00000000         
   16 00000000                 IMPORT           _timer_start
   17 00000000                 IMPORT           _signal_handler
   18 00000000         
   19 00000000         ; System Call Table Initialization
   20 00000000                 EXPORT           _syscall_table_init
   21 00000000         _syscall_table_init
   22 00000000         ; alarm
   23 00000000 4807            LDR              R0, =0x20007b04 ; write intende
                                                            d system call memor
                                                            y address for `alar
                                                            m()` into R0
   24 00000002 4908            LDR              R1, =_timer_start ; write memor
                                                            y address to `_time
                                                            r_start` into R1
   25 00000004 6001            STR              R1, [R0]    ; write `_timer_sta
                                                            rt`'s memory addres
                                                            s to 0x2007b04
   26 00000006         
   27 00000006         ; signal
   28 00000006 4808            LDR              R0, =0x2007b08 ; write intended
                                                             system call memory
                                                             address for `signa
                                                            l()` into R0
   29 00000008 4908            LDR              R1, =_signal_handler ; write me
                                                            mory address to `_s
                                                            ignal_handler` into



ARM Macro Assembler    Page 2 


                                                             R1
   30 0000000A 6001            STR              R1, [R0]
   31 0000000C         
   32 0000000C         ; TODO: add the others
   33 0000000C 46F7            MOV              pc, lr
   34 0000000E         
   35 0000000E         ;;;;;;;;;;;;;;;;;;;;;;;;;;;;;;;;;;;;;;;;;;;;;;;;;;;;;;;;
                       ;;;;;;;;;;;;;;;;;;;;;;;;;;;;;;;
   36 0000000E         ; System Call Table Jump Routine
   37 0000000E                 EXPORT           _syscall_table_jump
   38 0000000E         _syscall_table_jump
   39 0000000E         ; each address is separated by 4 bytes + syscall number 
                       is stored in R7 
   40 0000000E         ;  -> use `LSL <some-register>, R7, #0x2` to translate i
                       t into the 
   41 0000000E         ;      proper jump offset from the jump table start memo
                       ry address (at 0x20007b00)
   42 0000000E EA4F 0087       LSL              R0, R7, #0x2 ; calculate the ju
                                                            mp offset using R7 
                                                            * 4 and store it in
                                                            to R0
   43 00000012 4907            LDR              R1, =0x20007b00 ; write start m
                                                            emory address for t
                                                            he jump table into 
                                                            R1
   44 00000014 4401            ADD              R1, R1, R0  ; increment R1's va
                                                            lue by the jump off
                                                            set amt
   45 00000016         
   46 00000016 680A            LDR              R2, [R1]    ; write the value s
                                                            tored at the offset
                                                            ted memory address 
                                                            (should be `alarm()
                                                            `) into R2
   47 00000018 2A00            CMP              R2, #0x0
   48 0000001A BF18 4710       BXNE             R2          ; branch to the fun
                                                            ction at that memor
                                                            y address if its no
                                                            t zero (don't save 
                                                            return address)
   49 0000001E         
   50 0000001E 46F7            MOV              pc, lr
   51 00000020                 END
              20007B04 
              00000000 
              02007B08 
              00000000 
              20007B00 
Command Line: --debug --xref --diag_suppress=9931 --cpu=Cortex-M4.fp.sp --apcs=
interwork --depend=.\objects\svc.d -o.\objects\svc.o -I.\RTE\_Target_1 -IC:\Use
rs\llgoj\AppData\Local\Arm\Packs\ARM\CMSIS\5.9.0\CMSIS\Core\Include -IC:\Users\
llgoj\AppData\Local\Arm\Packs\Keil\TM4C_DFP\1.1.0\Device\Include\TM4C129 --pred
efine="__EVAL SETA 1" --predefine="__UVISION_VERSION SETA 543" --predefine="TM4
C129XNCZAD SETA 1" --predefine="_RTE_ SETA 1" --list=.\listings\svc.lst svc.s



ARM Macro Assembler    Page 1 Alphabetic symbol ordering
Relocatable symbols

.text 00000000

Symbol: .text
   Definitions
      At line 1 in file svc.s
   Uses
      None
Comment: .text unused
_syscall_table_init 00000000

Symbol: _syscall_table_init
   Definitions
      At line 21 in file svc.s
   Uses
      At line 20 in file svc.s
Comment: _syscall_table_init used once
_syscall_table_jump 0000000E

Symbol: _syscall_table_jump
   Definitions
      At line 38 in file svc.s
   Uses
      At line 37 in file svc.s
Comment: _syscall_table_jump used once
3 symbols



ARM Macro Assembler    Page 1 Alphabetic symbol ordering
Absolute symbols

SYSTEMCALLTBL 20007B00

Symbol: SYSTEMCALLTBL
   Definitions
      At line 6 in file svc.s
   Uses
      None
Comment: SYSTEMCALLTBL unused
SYS_ALARM 00000001

Symbol: SYS_ALARM
   Definitions
      At line 8 in file svc.s
   Uses
      None
Comment: SYS_ALARM unused
SYS_EXIT 00000000

Symbol: SYS_EXIT
   Definitions
      At line 7 in file svc.s
   Uses
      None
Comment: SYS_EXIT unused
SYS_FREE 00000005

Symbol: SYS_FREE
   Definitions
      At line 12 in file svc.s
   Uses
      None
Comment: SYS_FREE unused
SYS_MALLOC 00000004

Symbol: SYS_MALLOC
   Definitions
      At line 11 in file svc.s
   Uses
      None
Comment: SYS_MALLOC unused
SYS_MEMCPY 00000003

Symbol: SYS_MEMCPY
   Definitions
      At line 10 in file svc.s
   Uses
      None
Comment: SYS_MEMCPY unused
SYS_SIGNAL 00000002

Symbol: SYS_SIGNAL
   Definitions
      At line 9 in file svc.s
   Uses
      None
Comment: SYS_SIGNAL unused
7 symbols



ARM Macro Assembler    Page 1 Alphabetic symbol ordering
External symbols

_signal_handler 00000000

Symbol: _signal_handler
   Definitions
      At line 17 in file svc.s
   Uses
      At line 29 in file svc.s
Comment: _signal_handler used once
_timer_start 00000000

Symbol: _timer_start
   Definitions
      At line 16 in file svc.s
   Uses
      At line 24 in file svc.s
Comment: _timer_start used once
2 symbols
349 symbols in table
